------------------------------------------------------------
Timing Analyzer Summary
------------------------------------------------------------

Type  : Slow 1100mV 85C Model Setup 'inst4|pll_inst|altera_pll_i|general[1].gpll~PLL_OUTPUT_COUNTER|divclk'
Slack : 0.761
TNS   : 0.000

Type  : Slow 1100mV 85C Model Setup 'hps_dds_wrapper:inst25|hps_dds_wrapper_hps_0:hps_0|hps_dds_wrapper_hps_0_hps_io:hps_io|hps_dds_wrapper_hps_0_hps_io_border:border|hps_sdram:hps_sdram_inst|hps_sdram_pll:pll|afi_clk_write_clk'
Slack : 1.730
TNS   : 0.000

Type  : Slow 1100mV 85C Model Setup 'inst4|pll_inst|altera_pll_i|general[0].gpll~PLL_OUTPUT_COUNTER|divclk'
Slack : 4.128
TNS   : 0.000

Type  : Slow 1100mV 85C Model Setup 'inst4|pll_inst|altera_pll_i|general[3].gpll~PLL_OUTPUT_COUNTER|divclk'
Slack : 8.756
TNS   : 0.000

Type  : Slow 1100mV 85C Model Setup 'CLOCK_50'
Slack : 11.690
TNS   : 0.000

Type  : Slow 1100mV 85C Model Hold 'inst4|pll_inst|altera_pll_i|general[0].gpll~PLL_OUTPUT_COUNTER|divclk'
Slack : -0.395
TNS   : -4.392

Type  : Slow 1100mV 85C Model Hold 'hps_dds_wrapper:inst25|hps_dds_wrapper_hps_0:hps_0|hps_dds_wrapper_hps_0_hps_io:hps_io|hps_dds_wrapper_hps_0_hps_io_border:border|hps_sdram:hps_sdram_inst|hps_sdram_pll:pll|afi_clk_write_clk'
Slack : 0.143
TNS   : 0.000

Type  : Slow 1100mV 85C Model Hold 'inst4|pll_inst|altera_pll_i|general[3].gpll~PLL_OUTPUT_COUNTER|divclk'
Slack : 0.215
TNS   : 0.000

Type  : Slow 1100mV 85C Model Hold 'inst4|pll_inst|altera_pll_i|general[1].gpll~PLL_OUTPUT_COUNTER|divclk'
Slack : 0.246
TNS   : 0.000

Type  : Slow 1100mV 85C Model Hold 'CLOCK_50'
Slack : 0.373
TNS   : 0.000

Type  : Slow 1100mV 85C Model Recovery 'hps_dds_wrapper:inst25|hps_dds_wrapper_hps_0:hps_0|hps_dds_wrapper_hps_0_hps_io:hps_io|hps_dds_wrapper_hps_0_hps_io_border:border|hps_sdram:hps_sdram_inst|hps_sdram_pll:pll|afi_clk_write_clk'
Slack : 3.463
TNS   : 0.000

Type  : Slow 1100mV 85C Model Recovery 'inst4|pll_inst|altera_pll_i|general[1].gpll~PLL_OUTPUT_COUNTER|divclk'
Slack : 3.922
TNS   : 0.000

Type  : Slow 1100mV 85C Model Recovery 'inst4|pll_inst|altera_pll_i|general[3].gpll~PLL_OUTPUT_COUNTER|divclk'
Slack : 9.092
TNS   : 0.000

Type  : Slow 1100mV 85C Model Recovery 'inst4|pll_inst|altera_pll_i|general[0].gpll~PLL_OUTPUT_COUNTER|divclk'
Slack : 9.374
TNS   : 0.000

Type  : Slow 1100mV 85C Model Recovery 'CLOCK_50'
Slack : 13.347
TNS   : 0.000

Type  : Slow 1100mV 85C Model Removal 'hps_dds_wrapper:inst25|hps_dds_wrapper_hps_0:hps_0|hps_dds_wrapper_hps_0_hps_io:hps_io|hps_dds_wrapper_hps_0_hps_io_border:border|hps_sdram:hps_sdram_inst|hps_sdram_pll:pll|afi_clk_write_clk'
Slack : 0.286
TNS   : 0.000

Type  : Slow 1100mV 85C Model Removal 'inst4|pll_inst|altera_pll_i|general[1].gpll~PLL_OUTPUT_COUNTER|divclk'
Slack : 0.546
TNS   : 0.000

Type  : Slow 1100mV 85C Model Removal 'inst4|pll_inst|altera_pll_i|general[0].gpll~PLL_OUTPUT_COUNTER|divclk'
Slack : 0.913
TNS   : 0.000

Type  : Slow 1100mV 85C Model Removal 'inst4|pll_inst|altera_pll_i|general[3].gpll~PLL_OUTPUT_COUNTER|divclk'
Slack : 0.913
TNS   : 0.000

Type  : Slow 1100mV 85C Model Removal 'CLOCK_50'
Slack : 3.020
TNS   : 0.000

Type  : Slow 1100mV 85C Model Minimum Pulse Width 'hps_dds_wrapper:inst25|hps_dds_wrapper_hps_0:hps_0|hps_dds_wrapper_hps_0_hps_io:hps_io|hps_dds_wrapper_hps_0_hps_io_border:border|hps_sdram:hps_sdram_inst|hps_sdram_pll:pll|pll_write_clk_dq_write_clk'
Slack : 0.608
TNS   : 0.000

Type  : Slow 1100mV 85C Model Minimum Pulse Width 'hps_dds_wrapper:inst25|hps_dds_wrapper_hps_0:hps_0|hps_dds_wrapper_hps_0_hps_io:hps_io|hps_dds_wrapper_hps_0_hps_io_border:border|hps_sdram:hps_sdram_inst|hps_sdram_pll:pll|afi_clk_write_clk'
Slack : 0.623
TNS   : 0.000

Type  : Slow 1100mV 85C Model Minimum Pulse Width 'inst4|pll_inst|altera_pll_i|general[0].gpll~FRACTIONAL_PLL|vcoph[0]'
Slack : 0.833
TNS   : 0.000

Type  : Slow 1100mV 85C Model Minimum Pulse Width 'inst4|pll_inst|altera_pll_i|general[0].gpll~PLL_OUTPUT_COUNTER|divclk'
Slack : 8.760
TNS   : 0.000

Type  : Slow 1100mV 85C Model Minimum Pulse Width 'CLOCK_50'
Slack : 8.881
TNS   : 0.000

Type  : Slow 1100mV 85C Model Minimum Pulse Width 'inst4|pll_inst|altera_pll_i|general[3].gpll~PLL_OUTPUT_COUNTER|divclk'
Slack : 11.803
TNS   : 0.000

Type  : Slow 1100mV 85C Model Minimum Pulse Width 'inst4|pll_inst|altera_pll_i|general[1].gpll~PLL_OUTPUT_COUNTER|divclk'
Slack : 165.439
TNS   : 0.000

Type  : Slow 1100mV 0C Model Setup 'inst4|pll_inst|altera_pll_i|general[1].gpll~PLL_OUTPUT_COUNTER|divclk'
Slack : 0.997
TNS   : 0.000

Type  : Slow 1100mV 0C Model Setup 'hps_dds_wrapper:inst25|hps_dds_wrapper_hps_0:hps_0|hps_dds_wrapper_hps_0_hps_io:hps_io|hps_dds_wrapper_hps_0_hps_io_border:border|hps_sdram:hps_sdram_inst|hps_sdram_pll:pll|afi_clk_write_clk'
Slack : 1.727
TNS   : 0.000

Type  : Slow 1100mV 0C Model Setup 'inst4|pll_inst|altera_pll_i|general[0].gpll~PLL_OUTPUT_COUNTER|divclk'
Slack : 4.219
TNS   : 0.000

Type  : Slow 1100mV 0C Model Setup 'inst4|pll_inst|altera_pll_i|general[3].gpll~PLL_OUTPUT_COUNTER|divclk'
Slack : 8.782
TNS   : 0.000

Type  : Slow 1100mV 0C Model Setup 'CLOCK_50'
Slack : 11.882
TNS   : 0.000

Type  : Slow 1100mV 0C Model Hold 'inst4|pll_inst|altera_pll_i|general[0].gpll~PLL_OUTPUT_COUNTER|divclk'
Slack : -0.322
TNS   : -3.512

Type  : Slow 1100mV 0C Model Hold 'hps_dds_wrapper:inst25|hps_dds_wrapper_hps_0:hps_0|hps_dds_wrapper_hps_0_hps_io:hps_io|hps_dds_wrapper_hps_0_hps_io_border:border|hps_sdram:hps_sdram_inst|hps_sdram_pll:pll|afi_clk_write_clk'
Slack : 0.162
TNS   : 0.000

Type  : Slow 1100mV 0C Model Hold 'inst4|pll_inst|altera_pll_i|general[1].gpll~PLL_OUTPUT_COUNTER|divclk'
Slack : 0.232
TNS   : 0.000

Type  : Slow 1100mV 0C Model Hold 'inst4|pll_inst|altera_pll_i|general[3].gpll~PLL_OUTPUT_COUNTER|divclk'
Slack : 0.273
TNS   : 0.000

Type  : Slow 1100mV 0C Model Hold 'CLOCK_50'
Slack : 0.381
TNS   : 0.000

Type  : Slow 1100mV 0C Model Recovery 'hps_dds_wrapper:inst25|hps_dds_wrapper_hps_0:hps_0|hps_dds_wrapper_hps_0_hps_io:hps_io|hps_dds_wrapper_hps_0_hps_io_border:border|hps_sdram:hps_sdram_inst|hps_sdram_pll:pll|afi_clk_write_clk'
Slack : 3.554
TNS   : 0.000

Type  : Slow 1100mV 0C Model Recovery 'inst4|pll_inst|altera_pll_i|general[1].gpll~PLL_OUTPUT_COUNTER|divclk'
Slack : 4.054
TNS   : 0.000

Type  : Slow 1100mV 0C Model Recovery 'inst4|pll_inst|altera_pll_i|general[3].gpll~PLL_OUTPUT_COUNTER|divclk'
Slack : 9.200
TNS   : 0.000

Type  : Slow 1100mV 0C Model Recovery 'inst4|pll_inst|altera_pll_i|general[0].gpll~PLL_OUTPUT_COUNTER|divclk'
Slack : 9.758
TNS   : 0.000

Type  : Slow 1100mV 0C Model Recovery 'CLOCK_50'
Slack : 13.599
TNS   : 0.000

Type  : Slow 1100mV 0C Model Removal 'hps_dds_wrapper:inst25|hps_dds_wrapper_hps_0:hps_0|hps_dds_wrapper_hps_0_hps_io:hps_io|hps_dds_wrapper_hps_0_hps_io_border:border|hps_sdram:hps_sdram_inst|hps_sdram_pll:pll|afi_clk_write_clk'
Slack : 0.280
TNS   : 0.000

Type  : Slow 1100mV 0C Model Removal 'inst4|pll_inst|altera_pll_i|general[1].gpll~PLL_OUTPUT_COUNTER|divclk'
Slack : 0.572
TNS   : 0.000

Type  : Slow 1100mV 0C Model Removal 'inst4|pll_inst|altera_pll_i|general[0].gpll~PLL_OUTPUT_COUNTER|divclk'
Slack : 0.862
TNS   : 0.000

Type  : Slow 1100mV 0C Model Removal 'inst4|pll_inst|altera_pll_i|general[3].gpll~PLL_OUTPUT_COUNTER|divclk'
Slack : 0.873
TNS   : 0.000

Type  : Slow 1100mV 0C Model Removal 'CLOCK_50'
Slack : 2.959
TNS   : 0.000

Type  : Slow 1100mV 0C Model Minimum Pulse Width 'hps_dds_wrapper:inst25|hps_dds_wrapper_hps_0:hps_0|hps_dds_wrapper_hps_0_hps_io:hps_io|hps_dds_wrapper_hps_0_hps_io_border:border|hps_sdram:hps_sdram_inst|hps_sdram_pll:pll|pll_write_clk_dq_write_clk'
Slack : 0.613
TNS   : 0.000

Type  : Slow 1100mV 0C Model Minimum Pulse Width 'hps_dds_wrapper:inst25|hps_dds_wrapper_hps_0:hps_0|hps_dds_wrapper_hps_0_hps_io:hps_io|hps_dds_wrapper_hps_0_hps_io_border:border|hps_sdram:hps_sdram_inst|hps_sdram_pll:pll|afi_clk_write_clk'
Slack : 0.630
TNS   : 0.000

Type  : Slow 1100mV 0C Model Minimum Pulse Width 'inst4|pll_inst|altera_pll_i|general[0].gpll~FRACTIONAL_PLL|vcoph[0]'
Slack : 0.833
TNS   : 0.000

Type  : Slow 1100mV 0C Model Minimum Pulse Width 'inst4|pll_inst|altera_pll_i|general[0].gpll~PLL_OUTPUT_COUNTER|divclk'
Slack : 8.729
TNS   : 0.000

Type  : Slow 1100mV 0C Model Minimum Pulse Width 'CLOCK_50'
Slack : 8.821
TNS   : 0.000

Type  : Slow 1100mV 0C Model Minimum Pulse Width 'inst4|pll_inst|altera_pll_i|general[3].gpll~PLL_OUTPUT_COUNTER|divclk'
Slack : 11.659
TNS   : 0.000

Type  : Slow 1100mV 0C Model Minimum Pulse Width 'inst4|pll_inst|altera_pll_i|general[1].gpll~PLL_OUTPUT_COUNTER|divclk'
Slack : 165.402
TNS   : 0.000

Type  : Fast 1100mV 85C Model Setup 'hps_dds_wrapper:inst25|hps_dds_wrapper_hps_0:hps_0|hps_dds_wrapper_hps_0_hps_io:hps_io|hps_dds_wrapper_hps_0_hps_io_border:border|hps_sdram:hps_sdram_inst|hps_sdram_pll:pll|afi_clk_write_clk'
Slack : 2.110
TNS   : 0.000

Type  : Fast 1100mV 85C Model Setup 'inst4|pll_inst|altera_pll_i|general[1].gpll~PLL_OUTPUT_COUNTER|divclk'
Slack : 2.956
TNS   : 0.000

Type  : Fast 1100mV 85C Model Setup 'inst4|pll_inst|altera_pll_i|general[0].gpll~PLL_OUTPUT_COUNTER|divclk'
Slack : 5.112
TNS   : 0.000

Type  : Fast 1100mV 85C Model Setup 'inst4|pll_inst|altera_pll_i|general[3].gpll~PLL_OUTPUT_COUNTER|divclk'
Slack : 10.441
TNS   : 0.000

Type  : Fast 1100mV 85C Model Setup 'CLOCK_50'
Slack : 14.993
TNS   : 0.000

Type  : Fast 1100mV 85C Model Hold 'inst4|pll_inst|altera_pll_i|general[0].gpll~PLL_OUTPUT_COUNTER|divclk'
Slack : -0.225
TNS   : -2.456

Type  : Fast 1100mV 85C Model Hold 'hps_dds_wrapper:inst25|hps_dds_wrapper_hps_0:hps_0|hps_dds_wrapper_hps_0_hps_io:hps_io|hps_dds_wrapper_hps_0_hps_io_border:border|hps_sdram:hps_sdram_inst|hps_sdram_pll:pll|afi_clk_write_clk'
Slack : 0.084
TNS   : 0.000

Type  : Fast 1100mV 85C Model Hold 'inst4|pll_inst|altera_pll_i|general[3].gpll~PLL_OUTPUT_COUNTER|divclk'
Slack : 0.136
TNS   : 0.000

Type  : Fast 1100mV 85C Model Hold 'inst4|pll_inst|altera_pll_i|general[1].gpll~PLL_OUTPUT_COUNTER|divclk'
Slack : 0.146
TNS   : 0.000

Type  : Fast 1100mV 85C Model Hold 'CLOCK_50'
Slack : 0.181
TNS   : 0.000

Type  : Fast 1100mV 85C Model Recovery 'hps_dds_wrapper:inst25|hps_dds_wrapper_hps_0:hps_0|hps_dds_wrapper_hps_0_hps_io:hps_io|hps_dds_wrapper_hps_0_hps_io_border:border|hps_sdram:hps_sdram_inst|hps_sdram_pll:pll|afi_clk_write_clk'
Slack : 3.774
TNS   : 0.000

Type  : Fast 1100mV 85C Model Recovery 'inst4|pll_inst|altera_pll_i|general[1].gpll~PLL_OUTPUT_COUNTER|divclk'
Slack : 5.027
TNS   : 0.000

Type  : Fast 1100mV 85C Model Recovery 'inst4|pll_inst|altera_pll_i|general[3].gpll~PLL_OUTPUT_COUNTER|divclk'
Slack : 10.321
TNS   : 0.000

Type  : Fast 1100mV 85C Model Recovery 'inst4|pll_inst|altera_pll_i|general[0].gpll~PLL_OUTPUT_COUNTER|divclk'
Slack : 12.237
TNS   : 0.000

Type  : Fast 1100mV 85C Model Recovery 'CLOCK_50'
Slack : 15.896
TNS   : 0.000

Type  : Fast 1100mV 85C Model Removal 'inst4|pll_inst|altera_pll_i|general[1].gpll~PLL_OUTPUT_COUNTER|divclk'
Slack : 0.324
TNS   : 0.000

Type  : Fast 1100mV 85C Model Removal 'hps_dds_wrapper:inst25|hps_dds_wrapper_hps_0:hps_0|hps_dds_wrapper_hps_0_hps_io:hps_io|hps_dds_wrapper_hps_0_hps_io_border:border|hps_sdram:hps_sdram_inst|hps_sdram_pll:pll|afi_clk_write_clk'
Slack : 0.397
TNS   : 0.000

Type  : Fast 1100mV 85C Model Removal 'inst4|pll_inst|altera_pll_i|general[3].gpll~PLL_OUTPUT_COUNTER|divclk'
Slack : 0.503
TNS   : 0.000

Type  : Fast 1100mV 85C Model Removal 'inst4|pll_inst|altera_pll_i|general[0].gpll~PLL_OUTPUT_COUNTER|divclk'
Slack : 0.516
TNS   : 0.000

Type  : Fast 1100mV 85C Model Removal 'CLOCK_50'
Slack : 1.639
TNS   : 0.000

Type  : Fast 1100mV 85C Model Minimum Pulse Width 'inst4|pll_inst|altera_pll_i|general[0].gpll~FRACTIONAL_PLL|vcoph[0]'
Slack : 0.833
TNS   : 0.000

Type  : Fast 1100mV 85C Model Minimum Pulse Width 'hps_dds_wrapper:inst25|hps_dds_wrapper_hps_0:hps_0|hps_dds_wrapper_hps_0_hps_io:hps_io|hps_dds_wrapper_hps_0_hps_io_border:border|hps_sdram:hps_sdram_inst|hps_sdram_pll:pll|pll_write_clk_dq_write_clk'
Slack : 0.883
TNS   : 0.000

Type  : Fast 1100mV 85C Model Minimum Pulse Width 'hps_dds_wrapper:inst25|hps_dds_wrapper_hps_0:hps_0|hps_dds_wrapper_hps_0_hps_io:hps_io|hps_dds_wrapper_hps_0_hps_io_border:border|hps_sdram:hps_sdram_inst|hps_sdram_pll:pll|afi_clk_write_clk'
Slack : 0.891
TNS   : 0.000

Type  : Fast 1100mV 85C Model Minimum Pulse Width 'CLOCK_50'
Slack : 8.799
TNS   : 0.000

Type  : Fast 1100mV 85C Model Minimum Pulse Width 'inst4|pll_inst|altera_pll_i|general[0].gpll~PLL_OUTPUT_COUNTER|divclk'
Slack : 8.878
TNS   : 0.000

Type  : Fast 1100mV 85C Model Minimum Pulse Width 'inst4|pll_inst|altera_pll_i|general[3].gpll~PLL_OUTPUT_COUNTER|divclk'
Slack : 12.042
TNS   : 0.000

Type  : Fast 1100mV 85C Model Minimum Pulse Width 'inst4|pll_inst|altera_pll_i|general[1].gpll~PLL_OUTPUT_COUNTER|divclk'
Slack : 165.556
TNS   : 0.000

Type  : Fast 1100mV 0C Model Setup 'hps_dds_wrapper:inst25|hps_dds_wrapper_hps_0:hps_0|hps_dds_wrapper_hps_0_hps_io:hps_io|hps_dds_wrapper_hps_0_hps_io_border:border|hps_sdram:hps_sdram_inst|hps_sdram_pll:pll|afi_clk_write_clk'
Slack : 2.110
TNS   : 0.000

Type  : Fast 1100mV 0C Model Setup 'inst4|pll_inst|altera_pll_i|general[1].gpll~PLL_OUTPUT_COUNTER|divclk'
Slack : 3.350
TNS   : 0.000

Type  : Fast 1100mV 0C Model Setup 'inst4|pll_inst|altera_pll_i|general[0].gpll~PLL_OUTPUT_COUNTER|divclk'
Slack : 5.280
TNS   : 0.000

Type  : Fast 1100mV 0C Model Setup 'inst4|pll_inst|altera_pll_i|general[3].gpll~PLL_OUTPUT_COUNTER|divclk'
Slack : 10.639
TNS   : 0.000

Type  : Fast 1100mV 0C Model Setup 'CLOCK_50'
Slack : 15.348
TNS   : 0.000

Type  : Fast 1100mV 0C Model Hold 'inst4|pll_inst|altera_pll_i|general[0].gpll~PLL_OUTPUT_COUNTER|divclk'
Slack : -0.212
TNS   : -2.296

Type  : Fast 1100mV 0C Model Hold 'hps_dds_wrapper:inst25|hps_dds_wrapper_hps_0:hps_0|hps_dds_wrapper_hps_0_hps_io:hps_io|hps_dds_wrapper_hps_0_hps_io_border:border|hps_sdram:hps_sdram_inst|hps_sdram_pll:pll|afi_clk_write_clk'
Slack : 0.077
TNS   : 0.000

Type  : Fast 1100mV 0C Model Hold 'inst4|pll_inst|altera_pll_i|general[1].gpll~PLL_OUTPUT_COUNTER|divclk'
Slack : 0.133
TNS   : 0.000

Type  : Fast 1100mV 0C Model Hold 'inst4|pll_inst|altera_pll_i|general[3].gpll~PLL_OUTPUT_COUNTER|divclk'
Slack : 0.148
TNS   : 0.000

Type  : Fast 1100mV 0C Model Hold 'CLOCK_50'
Slack : 0.172
TNS   : 0.000

Type  : Fast 1100mV 0C Model Recovery 'hps_dds_wrapper:inst25|hps_dds_wrapper_hps_0:hps_0|hps_dds_wrapper_hps_0_hps_io:hps_io|hps_dds_wrapper_hps_0_hps_io_border:border|hps_sdram:hps_sdram_inst|hps_sdram_pll:pll|afi_clk_write_clk'
Slack : 3.872
TNS   : 0.000

Type  : Fast 1100mV 0C Model Recovery 'inst4|pll_inst|altera_pll_i|general[1].gpll~PLL_OUTPUT_COUNTER|divclk'
Slack : 5.173
TNS   : 0.000

Type  : Fast 1100mV 0C Model Recovery 'inst4|pll_inst|altera_pll_i|general[3].gpll~PLL_OUTPUT_COUNTER|divclk'
Slack : 10.595
TNS   : 0.000

Type  : Fast 1100mV 0C Model Recovery 'inst4|pll_inst|altera_pll_i|general[0].gpll~PLL_OUTPUT_COUNTER|divclk'
Slack : 13.238
TNS   : 0.000

Type  : Fast 1100mV 0C Model Recovery 'CLOCK_50'
Slack : 16.209
TNS   : 0.000

Type  : Fast 1100mV 0C Model Removal 'inst4|pll_inst|altera_pll_i|general[1].gpll~PLL_OUTPUT_COUNTER|divclk'
Slack : 0.306
TNS   : 0.000

Type  : Fast 1100mV 0C Model Removal 'hps_dds_wrapper:inst25|hps_dds_wrapper_hps_0:hps_0|hps_dds_wrapper_hps_0_hps_io:hps_io|hps_dds_wrapper_hps_0_hps_io_border:border|hps_sdram:hps_sdram_inst|hps_sdram_pll:pll|afi_clk_write_clk'
Slack : 0.373
TNS   : 0.000

Type  : Fast 1100mV 0C Model Removal 'inst4|pll_inst|altera_pll_i|general[3].gpll~PLL_OUTPUT_COUNTER|divclk'
Slack : 0.462
TNS   : 0.000

Type  : Fast 1100mV 0C Model Removal 'inst4|pll_inst|altera_pll_i|general[0].gpll~PLL_OUTPUT_COUNTER|divclk'
Slack : 0.470
TNS   : 0.000

Type  : Fast 1100mV 0C Model Removal 'CLOCK_50'
Slack : 1.571
TNS   : 0.000

Type  : Fast 1100mV 0C Model Minimum Pulse Width 'inst4|pll_inst|altera_pll_i|general[0].gpll~FRACTIONAL_PLL|vcoph[0]'
Slack : 0.833
TNS   : 0.000

Type  : Fast 1100mV 0C Model Minimum Pulse Width 'hps_dds_wrapper:inst25|hps_dds_wrapper_hps_0:hps_0|hps_dds_wrapper_hps_0_hps_io:hps_io|hps_dds_wrapper_hps_0_hps_io_border:border|hps_sdram:hps_sdram_inst|hps_sdram_pll:pll|pll_write_clk_dq_write_clk'
Slack : 0.887
TNS   : 0.000

Type  : Fast 1100mV 0C Model Minimum Pulse Width 'hps_dds_wrapper:inst25|hps_dds_wrapper_hps_0:hps_0|hps_dds_wrapper_hps_0_hps_io:hps_io|hps_dds_wrapper_hps_0_hps_io_border:border|hps_sdram:hps_sdram_inst|hps_sdram_pll:pll|afi_clk_write_clk'
Slack : 0.894
TNS   : 0.000

Type  : Fast 1100mV 0C Model Minimum Pulse Width 'CLOCK_50'
Slack : 8.787
TNS   : 0.000

Type  : Fast 1100mV 0C Model Minimum Pulse Width 'inst4|pll_inst|altera_pll_i|general[0].gpll~PLL_OUTPUT_COUNTER|divclk'
Slack : 8.883
TNS   : 0.000

Type  : Fast 1100mV 0C Model Minimum Pulse Width 'inst4|pll_inst|altera_pll_i|general[3].gpll~PLL_OUTPUT_COUNTER|divclk'
Slack : 12.052
TNS   : 0.000

Type  : Fast 1100mV 0C Model Minimum Pulse Width 'inst4|pll_inst|altera_pll_i|general[1].gpll~PLL_OUTPUT_COUNTER|divclk'
Slack : 165.559
TNS   : 0.000

------------------------------------------------------------
Info: see the "DDR report" for DDR timing results
------------------------------------------------------------
------------------------------------------------------------
